// Jest Snapshot v1, https://goo.gl/fbAQLP

exports[`Check Calculator page   it should match the snapshoot 1`] = `
<div>
  <div
    class="calcPage"
  >
    <h2>
      Lets do some math
    </h2>
    <div
      class="container"
    >
      <input
        class="result"
        readonly=""
        type="text"
        value="0"
      />
      <div
        class="body"
      >
        <button
          class="reset"
          type="button"
        >
          AC
        </button>
        <button
          class="opration"
          type="button"
        >
          +/-
        </button>
        <button
          class="opration"
          type="button"
        >
          %
        </button>
        <button
          class="number"
          type="button"
        >
          7
        </button>
        <button
          class="number"
          type="button"
        >
          8
        </button>
        <button
          class="number"
          type="button"
        >
          9
        </button>
        <button
          class="number"
          type="button"
        >
          4
        </button>
        <button
          class="number"
          type="button"
        >
          5
        </button>
        <button
          class="number"
          type="button"
        >
          6
        </button>
        <button
          class="number"
          type="button"
        >
          1
        </button>
        <button
          class="number"
          type="button"
        >
          2
        </button>
        <button
          class="number"
          type="button"
        >
          3
        </button>
      </div>
      <button
        class="opration"
        type="button"
      >
        รท
      </button>
      <button
        class="opration"
        type="button"
      >
        x
      </button>
      <button
        class="opration"
        type="button"
      >
        -
      </button>
      <button
        class="opration"
        type="button"
      >
        +
      </button>
      <button
        class="opration"
        type="button"
      >
        =
      </button>
      <button
        class="opration"
        type="button"
      >
        .
      </button>
      <button
        class="number"
        type="button"
      >
        0
      </button>
    </div>
  </div>
</div>
`;
